cargo : warning: unused import: `crate::frontend::dashboard::Dashboard`
En línea: 1 Carácter: 1
+ cargo check --lib --features csr 2> errors.txt; Get-Content "errors.t ...
+ ~~~~~~~~~~~~~~~~~~~~~~~~~~~~~~~~~~~~~~~~~~~~~~
    + CategoryInfo          : NotSpecified: (warning: unused...ard::Dashboard`:String) [], RemoteException
    + FullyQualifiedErrorId : NativeCommandError
 
 --> src\frontend\app.rs:3:5
  |
3 | use crate::frontend::dashboard::Dashboard;
  |     ^^^^^^^^^^^^^^^^^^^^^^^^^^^^^^^^^^^^^
  |
  = note: `#[warn(unused_imports)]` (part of `#[warn(unused)]`) on by default

warning: variable does not need to be mutable
   --> src\frontend\components\export_button.rs:161:21
    |
161 |                 let mut bag = BlobPropertyBag::new();
    |                     ----^^^
    |                     |
    |                     help: remove this `mut`
    |
    = note: `#[warn(unused_mut)]` (part of `#[warn(unused)]`) on by default

warning: `uci` (lib) generated 2 warnings (run `cargo fix --lib -p uci` to apply 2 suggestions)
    Finished `dev` profile [unoptimized + debuginfo] target(s) in 0.81s
