warning: profiles for the non root package will be ignored, specify profiles at the workspace root:
package:   /home/tdy/Escritorio/rocky/client/Cargo.toml
workspace: /home/tdy/Escritorio/rocky/Cargo.toml
   Compiling surrealdb-core v2.6.2
   Compiling surrealdb v2.6.2
   Compiling olympus-server v16.0.0 (/home/tdy/Escritorio/rocky/olympus-server)
warning: unused imports: `error` and `warn`
  --> olympus-server/src/actors/zeus/mod.rs:12:21
   |
12 | use tracing::{info, warn, error};
   |                     ^^^^  ^^^^^
   |
   = note: `#[warn(unused_imports)]` (part of `#[warn(unused)]`) on by default

warning: unused imports: `DivineDomain` and `OlympusMetrics`
  --> olympus-server/src/actors/zeus/mod.rs:15:30
   |
15 | use crate::actors::{GodName, DivineDomain, OlympusState, OlympusMetrics};
   |                              ^^^^^^^^^^^^                ^^^^^^^^^^^^^^

warning: unused imports: `ActorStatus`, `GodHeartbeat`, `HealthStatus`, and `OlympianActor`
  --> olympus-server/src/actors/zeus/mod.rs:16:21
   |
16 | use crate::traits::{OlympianActor, ActorState, ActorConfig, ActorStatus, GodHeartbeat, HealthStatus};
   |                     ^^^^^^^^^^^^^                           ^^^^^^^^^^^  ^^^^^^^^^^^^  ^^^^^^^^^^^^

warning: unused imports: `ActorSupervisionStatus`, `SupervisedActor`, and `SupervisionTree`
  --> olympus-server/src/actors/zeus/mod.rs:18:39
   |
18 | use crate::traits::supervisor_trait::{SupervisionTree, SupervisedActor, ActorSupervisionStatus};
   |                                       ^^^^^^^^^^^^^^^  ^^^^^^^^^^^^^^^  ^^^^^^^^^^^^^^^^^^^^^^

warning: unused import: `RestartResult`
  --> olympus-server/src/actors/zeus/mod.rs:28:58
   |
28 | pub use supervisor::{SupervisionManager, LifecycleEvent, RestartResult};
   |                                                          ^^^^^^^^^^^^^

warning: unused imports: `AlertSeverity` and `TrinityMetrics`
  --> olympus-server/src/actors/zeus/mod.rs:29:32
   |
29 | pub use metrics::{ZeusMetrics, AlertSeverity, TrinityMetrics, TrinityStatus};
   |                                ^^^^^^^^^^^^^  ^^^^^^^^^^^^^^

warning: unused imports: `GovernanceDecision` and `GovernanceSituation`
  --> olympus-server/src/actors/zeus/mod.rs:30:44
   |
30 | pub use governance::{GovernanceController, GovernanceDecision, GovernanceSituation, CircuitState};
   |                                            ^^^^^^^^^^^^^^^^^^  ^^^^^^^^^^^^^^^^^^^

warning: unused import: `Environment`
  --> olympus-server/src/actors/zeus/mod.rs:31:45
   |
31 | pub use config::{ZeusConfig, ConfigManager, Environment};
   |                                             ^^^^^^^^^^^

warning: unused imports: `RwLock` and `mpsc`
  --> olympus-server/src/actors/erinyes/mod.rs:10:19
   |
10 | use tokio::sync::{RwLock, mpsc};
   |                   ^^^^^^  ^^^^

warning: unused imports: `error` and `warn`
  --> olympus-server/src/actors/erinyes/mod.rs:12:21
   |
12 | use tracing::{info, warn, error};
   |                     ^^^^  ^^^^^

warning: unused import: `DivineDomain`
  --> olympus-server/src/actors/erinyes/mod.rs:15:30
   |
15 | use crate::actors::{GodName, DivineDomain};
   |                              ^^^^^^^^^^^^

warning: unused imports: `GodHeartbeat`, `HealthStatus`, and `OlympianActor`
  --> olympus-server/src/actors/erinyes/mod.rs:16:21
   |
16 | use crate::traits::{OlympianActor, ActorState, ActorConfig, ActorStatus, GodHeartbeat, HealthStatus};
   |                     ^^^^^^^^^^^^^                                        ^^^^^^^^^^^^  ^^^^^^^^^^^^

warning: unused import: `HeartbeatState`
  --> olympus-server/src/actors/erinyes/mod.rs:27:39
   |
27 | pub use heartbeat::{HeartbeatMonitor, HeartbeatState, HeartbeatConfig};
   |                                       ^^^^^^^^^^^^^^

warning: unused import: `SystemStatus`
  --> olympus-server/src/actors/erinyes/mod.rs:30:67
   |
30 | pub use watchdog::{Watchdog, WatchdogEventType, WatchdogSeverity, SystemStatus};
   |                                                                   ^^^^^^^^^^^^

warning: unused import: `AlertChannel`
  --> olympus-server/src/actors/erinyes/mod.rs:31:46
   |
31 | pub use alerts::{AlertSystem, AlertSeverity, AlertChannel};
   |                                              ^^^^^^^^^^^^

warning: unused import: `tracing::info`
  --> olympus-server/src/actors/athena/mod.rs:11:5
   |
11 | use tracing::info;
   |     ^^^^^^^^^^^^^

warning: unused import: `DivineDomain`
  --> olympus-server/src/actors/athena/mod.rs:15:30
   |
15 | use crate::actors::{GodName, DivineDomain};
   |                              ^^^^^^^^^^^^

warning: unused imports: `ActorStatus`, `GodHeartbeat`, `HealthStatus`, and `OlympianActor`
  --> olympus-server/src/actors/athena/mod.rs:16:21
   |
16 | use crate::traits::{OlympianActor, ActorState, ActorConfig, ActorStatus, GodHeartbeat, HealthStatus};
   |                     ^^^^^^^^^^^^^                           ^^^^^^^^^^^  ^^^^^^^^^^^^  ^^^^^^^^^^^^

warning: unused imports: `Deserialize` and `Serialize`
 --> olympus-server/src/actors/athena/analysis.rs:4:13
  |
4 | use serde::{Deserialize, Serialize};
  |             ^^^^^^^^^^^  ^^^^^^^^^

warning: unused imports: `Deserialize` and `Serialize`
 --> olympus-server/src/actors/athena/predictions.rs:4:13
  |
4 | use serde::{Deserialize, Serialize};
  |             ^^^^^^^^^^^  ^^^^^^^^^

warning: unused imports: `Deserialize` and `Serialize`
 --> olympus-server/src/actors/athena/insights.rs:4:13
  |
4 | use serde::{Deserialize, Serialize};
  |             ^^^^^^^^^^^  ^^^^^^^^^

warning: unused import: `std::sync::Arc`
 --> olympus-server/src/actors/apollo/mod.rs:8:5
  |
8 | use std::sync::Arc;
  |     ^^^^^^^^^^^^^^

warning: unused import: `tokio::sync::RwLock`
 --> olympus-server/src/actors/apollo/mod.rs:9:5
  |
9 | use tokio::sync::RwLock;
  |     ^^^^^^^^^^^^^^^^^^^

warning: unused import: `tracing::info`
  --> olympus-server/src/actors/apollo/mod.rs:10:5
   |
10 | use tracing::info;
   |     ^^^^^^^^^^^^^

warning: unused imports: `Deserialize` and `Serialize`
  --> olympus-server/src/actors/apollo/mod.rs:11:13
   |
11 | use serde::{Deserialize, Serialize};
   |             ^^^^^^^^^^^  ^^^^^^^^^

warning: unused import: `DivineDomain`
  --> olympus-server/src/actors/apollo/mod.rs:14:30
   |
14 | use crate::actors::{GodName, DivineDomain};
   |                              ^^^^^^^^^^^^

warning: unused imports: `ActorStatus`, `GodHeartbeat`, `HealthStatus`, and `OlympianActor`
  --> olympus-server/src/actors/apollo/mod.rs:15:21
   |
15 | use crate::traits::{OlympianActor, ActorState, ActorConfig, ActorStatus, GodHeartbeat, HealthStatus};
   |                     ^^^^^^^^^^^^^                           ^^^^^^^^^^^  ^^^^^^^^^^^^  ^^^^^^^^^^^^

warning: unused import: `EventPayload`
  --> olympus-server/src/actors/apollo/mod.rs:16:107
   |
16 | use crate::traits::message::{ActorMessage, MessagePayload, CommandPayload, ResponsePayload, QueryPayload, EventPayload};
   |                                                                                                           ^^^^^^^^^^^^

warning: unused import: `std::sync::Arc`
 --> olympus-server/src/actors/artemis/mod.rs:8:5
  |
8 | use std::sync::Arc;
  |     ^^^^^^^^^^^^^^

warning: unused import: `tokio::sync::RwLock`
 --> olympus-server/src/actors/artemis/mod.rs:9:5
  |
9 | use tokio::sync::RwLock;
  |     ^^^^^^^^^^^^^^^^^^^

warning: unused import: `tracing::info`
  --> olympus-server/src/actors/artemis/mod.rs:10:5
   |
10 | use tracing::info;
   |     ^^^^^^^^^^^^^

warning: unused import: `DivineDomain`
  --> olympus-server/src/actors/artemis/mod.rs:14:30
   |
14 | use crate::actors::{GodName, DivineDomain};
   |                              ^^^^^^^^^^^^

warning: unused imports: `ActorConfig`, `ActorStatus`, `GodHeartbeat`, `HealthStatus`, and `OlympianActor`
  --> olympus-server/src/actors/artemis/mod.rs:15:21
   |
15 | use crate::traits::{OlympianActor, ActorState, ActorConfig, ActorStatus, GodHeartbeat, HealthStatus};
   |                     ^^^^^^^^^^^^^              ^^^^^^^^^^^  ^^^^^^^^^^^  ^^^^^^^^^^^^  ^^^^^^^^^^^^

warning: unused imports: `Deserialize` and `Serialize`
 --> olympus-server/src/actors/hermes/mod.rs:8:13
  |
8 | use serde::{Deserialize, Serialize};
  |             ^^^^^^^^^^^  ^^^^^^^^^

warning: unused import: `tokio::time::Duration`
  --> olympus-server/src/actors/hermes/mod.rs:12:5
   |
12 | use tokio::time::Duration;
   |     ^^^^^^^^^^^^^^^^^^^^^

warning: unused imports: `debug` and `warn`
  --> olympus-server/src/actors/hermes/mod.rs:13:21
   |
13 | use tracing::{info, warn, debug};
   |                     ^^^^  ^^^^^

warning: unused import: `DivineDomain`
  --> olympus-server/src/actors/hermes/mod.rs:16:30
   |
16 | use crate::actors::{GodName, DivineDomain};
   |                              ^^^^^^^^^^^^

warning: unused imports: `ActorStatus`, `GodHeartbeat`, `HealthStatus`, and `OlympianActor`
  --> olympus-server/src/actors/hermes/mod.rs:17:21
   |
17 | use crate::traits::{OlympianActor, ActorState, ActorConfig, ActorStatus, GodHeartbeat, HealthStatus};
   |                     ^^^^^^^^^^^^^                           ^^^^^^^^^^^  ^^^^^^^^^^^^  ^^^^^^^^^^^^

warning: unused import: `BroadcastEvent`
  --> olympus-server/src/actors/hermes/mod.rs:30:34
   |
30 | pub use broadcast::{Broadcaster, BroadcastEvent};
   |                                  ^^^^^^^^^^^^^^

warning: unused import: `std::time::Duration`
  --> olympus-server/src/actors/hades/mod.rs:11:5
   |
11 | use std::time::Duration;
   |     ^^^^^^^^^^^^^^^^^^^

warning: unused imports: `error`, `info`, and `warn`
  --> olympus-server/src/actors/hades/mod.rs:12:15
   |
12 | use tracing::{info, warn, error};
   |               ^^^^  ^^^^  ^^^^^

warning: unused import: `DivineDomain`
  --> olympus-server/src/actors/hades/mod.rs:15:30
   |
15 | use crate::actors::{GodName, DivineDomain};
   |                              ^^^^^^^^^^^^

warning: unused imports: `ActorStatus`, `GodHeartbeat`, `HealthStatus`, and `OlympianActor`
  --> olympus-server/src/actors/hades/mod.rs:16:21
   |
16 | use crate::traits::{OlympianActor, ActorState, ActorConfig, ActorStatus, GodHeartbeat, HealthStatus};
   |                     ^^^^^^^^^^^^^                           ^^^^^^^^^^^  ^^^^^^^^^^^^  ^^^^^^^^^^^^

warning: unused import: `EventPayload`
  --> olympus-server/src/actors/hades/mod.rs:17:107
   |
17 | use crate::traits::message::{ActorMessage, MessagePayload, CommandPayload, ResponsePayload, QueryPayload, EventPayload};
   |                                                                                                           ^^^^^^^^^^^^

warning: unused imports: `JwtClaims`, `Permission`, and `User`
  --> olympus-server/src/actors/hades/mod.rs:26:39
   |
26 | pub use auth::{AuthenticationService, User, Role, Permission, JwtClaims};
   |                                       ^^^^        ^^^^^^^^^^  ^^^^^^^^^

warning: unused import: `KeyStatus`
  --> olympus-server/src/actors/hades/mod.rs:27:28
   |
27 | pub use keys::{KeyManager, KeyStatus};
   |                            ^^^^^^^^^

warning: unused imports: `AuditQuery`, `AuditResult`, `DataSensitivity`, and `ExportFormat`
  --> olympus-server/src/actors/hades/mod.rs:28:30
   |
28 | pub use audit::{AuditLogger, AuditResult, AuditQuery, DataSensitivity, ExportFormat};
   |                              ^^^^^^^^^^^  ^^^^^^^^^^  ^^^^^^^^^^^^^^^  ^^^^^^^^^^^^

warning: unused import: `std::collections::HashMap`
 --> olympus-server/src/actors/hera/mod.rs:9:5
  |
9 | use std::collections::HashMap;
  |     ^^^^^^^^^^^^^^^^^^^^^^^^^

warning: unused import: `std::sync::Arc`
  --> olympus-server/src/actors/hera/mod.rs:10:5
   |
10 | use std::sync::Arc;
   |     ^^^^^^^^^^^^^^

warning: unused import: `tokio::sync::RwLock`
  --> olympus-server/src/actors/hera/mod.rs:11:5
   |
11 | use tokio::sync::RwLock;
   |     ^^^^^^^^^^^^^^^^^^^

warning: unused import: `tracing::info`
  --> olympus-server/src/actors/hera/mod.rs:12:5
   |
12 | use tracing::info;
   |     ^^^^^^^^^^^^^

warning: unused import: `DivineDomain`
  --> olympus-server/src/actors/hera/mod.rs:15:30
   |
15 | use crate::actors::{GodName, DivineDomain};
   |                              ^^^^^^^^^^^^

warning: unused imports: `ActorStatus`, `GodHeartbeat`, `HealthStatus`, and `OlympianActor`
  --> olympus-server/src/actors/hera/mod.rs:16:21
   |
16 | use crate::traits::{OlympianActor, ActorState, ActorConfig, ActorStatus, GodHeartbeat, HealthStatus};
   |                     ^^^^^^^^^^^^^                           ^^^^^^^^^^^  ^^^^^^^^^^^^  ^^^^^^^^^^^^

warning: unused import: `EventPayload`
  --> olympus-server/src/actors/hera/mod.rs:17:107
   |
17 | use crate::traits::message::{ActorMessage, MessagePayload, ResponsePayload, CommandPayload, QueryPayload, EventPayload};
   |                                                                                                           ^^^^^^^^^^^^

warning: unused import: `std::sync::Arc`
 --> olympus-server/src/actors/ares/mod.rs:9:5
  |
9 | use std::sync::Arc;
  |     ^^^^^^^^^^^^^^

warning: unused import: `tokio::sync::RwLock`
  --> olympus-server/src/actors/ares/mod.rs:10:5
   |
10 | use tokio::sync::RwLock;
   |     ^^^^^^^^^^^^^^^^^^^

warning: unused imports: `error`, `info`, and `warn`
  --> olympus-server/src/actors/ares/mod.rs:11:15
   |
11 | use tracing::{error, info, warn};
   |               ^^^^^  ^^^^  ^^^^

warning: unused import: `DivineDomain`
  --> olympus-server/src/actors/ares/mod.rs:14:30
   |
14 | use crate::actors::{GodName, DivineDomain};
   |                              ^^^^^^^^^^^^

warning: unused imports: `ActorStatus`, `GodHeartbeat`, `HealthStatus`, and `OlympianActor`
  --> olympus-server/src/actors/ares/mod.rs:15:21
   |
15 | use crate::traits::{OlympianActor, ActorState, ActorConfig, ActorStatus, GodHeartbeat, HealthStatus};
   |                     ^^^^^^^^^^^^^                           ^^^^^^^^^^^  ^^^^^^^^^^^^  ^^^^^^^^^^^^

warning: unused imports: `ResolutionResult` and `ResolutionStrategy`
  --> olympus-server/src/actors/ares/mod.rs:24:22
   |
24 | pub use strategies::{ResolutionStrategy, ResolutionResult, ConflictResolver};
   |                      ^^^^^^^^^^^^^^^^^^  ^^^^^^^^^^^^^^^^

warning: unused imports: `Deserialize` and `Serialize`
 --> olympus-server/src/actors/hefesto/mod.rs:8:13
  |
8 | use serde::{Deserialize, Serialize};
  |             ^^^^^^^^^^^  ^^^^^^^^^

warning: unused import: `std::sync::Arc`
 --> olympus-server/src/actors/hefesto/mod.rs:9:5
  |
9 | use std::sync::Arc;
  |     ^^^^^^^^^^^^^^

warning: unused import: `tokio::sync::RwLock`
  --> olympus-server/src/actors/hefesto/mod.rs:10:5
   |
10 | use tokio::sync::RwLock;
   |     ^^^^^^^^^^^^^^^^^^^

warning: unused import: `tracing::info`
  --> olympus-server/src/actors/hefesto/mod.rs:11:5
   |
11 | use tracing::info;
   |     ^^^^^^^^^^^^^

warning: unused imports: `DateTime` and `Utc`
  --> olympus-server/src/actors/hefesto/mod.rs:12:14
   |
12 | use chrono::{DateTime, Utc};
   |              ^^^^^^^^  ^^^

warning: unused import: `DivineDomain`
  --> olympus-server/src/actors/hefesto/mod.rs:15:30
   |
15 | use crate::actors::{GodName, DivineDomain};
   |                              ^^^^^^^^^^^^

warning: unused imports: `ActorStatus`, `GodHeartbeat`, `HealthStatus`, and `OlympianActor`
  --> olympus-server/src/actors/hefesto/mod.rs:16:21
   |
16 | use crate::traits::{OlympianActor, ActorState, ActorConfig, ActorStatus, GodHeartbeat, HealthStatus};
   |                     ^^^^^^^^^^^^^                           ^^^^^^^^^^^  ^^^^^^^^^^^^  ^^^^^^^^^^^^

warning: unused import: `ConfigEntry`
  --> olympus-server/src/actors/hefesto/mod.rs:25:33
   |
25 | pub use config::{ConfigManager, ConfigEntry};
   |                                 ^^^^^^^^^^^

warning: unused import: `ValidationResult`
  --> olympus-server/src/actors/hefesto/mod.rs:26:39
   |
26 | pub use validation::{SchemaValidator, ValidationResult};
   |                                       ^^^^^^^^^^^^^^^^

warning: unused imports: `BackupType` and `Backup`
  --> olympus-server/src/actors/hefesto/mod.rs:27:33
   |
27 | pub use backup::{BackupManager, Backup, BackupType};
   |                                 ^^^^^^  ^^^^^^^^^^

warning: unused import: `std::sync::Arc`
 --> olympus-server/src/actors/chronos/mod.rs:9:5
  |
9 | use std::sync::Arc;
  |     ^^^^^^^^^^^^^^

warning: unused import: `tokio::sync::RwLock`
  --> olympus-server/src/actors/chronos/mod.rs:10:5
   |
10 | use tokio::sync::RwLock;
   |     ^^^^^^^^^^^^^^^^^^^

warning: unused imports: `debug`, `error`, and `warn`
  --> olympus-server/src/actors/chronos/mod.rs:11:15
   |
11 | use tracing::{debug, error, info, warn};
   |               ^^^^^  ^^^^^        ^^^^

warning: unused imports: `DateTime` and `Utc`
  --> olympus-server/src/actors/chronos/mod.rs:12:14
   |
12 | use chrono::{DateTime, Utc};
   |              ^^^^^^^^  ^^^

warning: unused import: `DivineDomain`
  --> olympus-server/src/actors/chronos/mod.rs:15:30
   |
15 | use crate::actors::{GodName, DivineDomain};
   |                              ^^^^^^^^^^^^

warning: unused imports: `ActorStatus`, `GodHeartbeat`, `HealthStatus`, and `OlympianActor`
  --> olympus-server/src/actors/chronos/mod.rs:16:21
   |
16 | use crate::traits::{OlympianActor, ActorState, ActorConfig, ActorStatus, GodHeartbeat, HealthStatus};
   |                     ^^^^^^^^^^^^^                           ^^^^^^^^^^^  ^^^^^^^^^^^^  ^^^^^^^^^^^^

warning: unused imports: `TaskDefinition`, `TaskResult`, `TaskStatus`, and `TaskType`
  --> olympus-server/src/actors/chronos/mod.rs:26:32
   |
26 | pub use tasks::{ScheduledTask, TaskDefinition, TaskStatus, TaskType, TaskResult};
   |                                ^^^^^^^^^^^^^^  ^^^^^^^^^^  ^^^^^^^^  ^^^^^^^^^^

warning: unused import: `time_events::TimeEvent`
  --> olympus-server/src/actors/chronos/mod.rs:27:9
   |
27 | pub use time_events::TimeEvent;
   |         ^^^^^^^^^^^^^^^^^^^^^^

warning: unused imports: `Deserialize` and `Serialize`
 --> olympus-server/src/actors/moirai/mod.rs:8:13
  |
8 | use serde::{Deserialize, Serialize};
  |             ^^^^^^^^^^^  ^^^^^^^^^

warning: unused import: `std::sync::Arc`
  --> olympus-server/src/actors/moirai/mod.rs:10:5
   |
10 | use std::sync::Arc;
   |     ^^^^^^^^^^^^^^

warning: unused import: `tokio::sync::RwLock`
  --> olympus-server/src/actors/moirai/mod.rs:11:5
   |
11 | use tokio::sync::RwLock;
   |     ^^^^^^^^^^^^^^^^^^^

warning: unused imports: `debug` and `info`
  --> olympus-server/src/actors/moirai/mod.rs:12:15
   |
12 | use tracing::{debug, info};
   |               ^^^^^  ^^^^

warning: unused imports: `Duration` and `Utc`
  --> olympus-server/src/actors/moirai/mod.rs:13:14
   |
13 | use chrono::{Utc, Duration};
   |              ^^^  ^^^^^^^^

warning: unused import: `DivineDomain`
  --> olympus-server/src/actors/moirai/mod.rs:16:30
   |
16 | use crate::actors::{GodName, DivineDomain};
   |                              ^^^^^^^^^^^^

warning: unused imports: `ActorStatus`, `GodHeartbeat`, `HealthStatus`, and `OlympianActor`
  --> olympus-server/src/actors/moirai/mod.rs:17:21
   |
17 | use crate::traits::{OlympianActor, ActorState, ActorConfig, ActorStatus, GodHeartbeat, HealthStatus};
   |                     ^^^^^^^^^^^^^                           ^^^^^^^^^^^  ^^^^^^^^^^^^  ^^^^^^^^^^^^

warning: unused imports: `FateOutcome`, `ThreadEvent`, `ThreadStatus`, and `TrajectoryPoint`
  --> olympus-server/src/actors/moirai/mod.rs:26:34
   |
26 | pub use threads::{PatientThread, ThreadStatus, ThreadEvent, TrajectoryPoint, FateOutcome};
   |                                  ^^^^^^^^^^^^  ^^^^^^^^^^^  ^^^^^^^^^^^^^^^  ^^^^^^^^^^^

warning: unused imports: `PredictionType` and `RiskAssessment`
  --> olympus-server/src/actors/moirai/mod.rs:27:61
   |
27 | pub use predictions::{PredictionEngine, ClinicalPrediction, PredictionType, RiskAssessment};
   |                                                             ^^^^^^^^^^^^^^  ^^^^^^^^^^^^^^

warning: unused import: `std::sync::Arc`
 --> olympus-server/src/actors/chaos/mod.rs:9:5
  |
9 | use std::sync::Arc;
  |     ^^^^^^^^^^^^^^

warning: unused import: `tokio::sync::RwLock`
  --> olympus-server/src/actors/chaos/mod.rs:10:5
   |
10 | use tokio::sync::RwLock;
   |     ^^^^^^^^^^^^^^^^^^^

warning: unused imports: `DateTime` and `Utc`
  --> olympus-server/src/actors/chaos/mod.rs:11:14
   |
11 | use chrono::{DateTime, Utc};
   |              ^^^^^^^^  ^^^

warning: unused import: `tracing::info`
  --> olympus-server/src/actors/chaos/mod.rs:12:5
   |
12 | use tracing::info;
   |     ^^^^^^^^^^^^^

warning: unused imports: `ActorConfig`, `ActorStatus`, `GodHeartbeat`, `HealthStatus`, and `OlympianActor`
  --> olympus-server/src/actors/chaos/mod.rs:16:21
   |
16 | use crate::traits::{OlympianActor, ActorConfig, ActorState, ActorStatus, GodHeartbeat, HealthStatus};
   |                     ^^^^^^^^^^^^^  ^^^^^^^^^^^              ^^^^^^^^^^^  ^^^^^^^^^^^^  ^^^^^^^^^^^^

warning: unused imports: `FailureSeverity` and `FailureType`
  --> olympus-server/src/actors/chaos/mod.rs:28:25
   |
28 | use failure_injection::{FailureType, FailureSeverity};
   |                         ^^^^^^^^^^^  ^^^^^^^^^^^^^^^

warning: unused import: `DivineDomain`
  --> olympus-server/src/actors/aurora/mod.rs:11:30
   |
11 | use crate::actors::{GodName, DivineDomain};
   |                              ^^^^^^^^^^^^

warning: unused imports: `ActorConfig`, `ActorStatus`, `GodHeartbeat`, `HealthStatus`, and `OlympianActor`
  --> olympus-server/src/actors/aurora/mod.rs:12:21
   |
12 | use crate::traits::{OlympianActor, ActorState, ActorConfig, ActorStatus, GodHeartbeat, HealthStatus};
   |                     ^^^^^^^^^^^^^              ^^^^^^^^^^^  ^^^^^^^^^^^  ^^^^^^^^^^^^  ^^^^^^^^^^^^

warning: unused import: `std::sync::Arc`
 --> olympus-server/src/actors/aphrodite/mod.rs:8:5
  |
8 | use std::sync::Arc;
  |     ^^^^^^^^^^^^^^

warning: unused import: `tokio::sync::RwLock`
 --> olympus-server/src/actors/aphrodite/mod.rs:9:5
  |
9 | use tokio::sync::RwLock;
  |     ^^^^^^^^^^^^^^^^^^^

warning: unused import: `DivineDomain`
  --> olympus-server/src/actors/aphrodite/mod.rs:13:30
   |
13 | use crate::actors::{GodName, DivineDomain};
   |                              ^^^^^^^^^^^^

warning: unused imports: `ActorConfig`, `ActorStatus`, `GodHeartbeat`, and `HealthStatus`
  --> olympus-server/src/actors/aphrodite/mod.rs:14:48
   |
14 | use crate::traits::{OlympianActor, ActorState, ActorConfig, ActorStatus, GodHeartbeat, HealthStatus};
   |                                                ^^^^^^^^^^^  ^^^^^^^^^^^  ^^^^^^^^^^^^  ^^^^^^^^^^^^

warning: unused import: `DivineDomain`
  --> olympus-server/src/actors/iris/mod.rs:11:30
   |
11 | use crate::actors::{GodName, DivineDomain};
   |                              ^^^^^^^^^^^^

warning: unused imports: `ActorConfig`, `ActorStatus`, `GodHeartbeat`, `HealthStatus`, and `OlympianActor`
  --> olympus-server/src/actors/iris/mod.rs:12:21
   |
12 | use crate::traits::{OlympianActor, ActorState, ActorConfig, ActorStatus, GodHeartbeat, HealthStatus};
   |                     ^^^^^^^^^^^^^              ^^^^^^^^^^^  ^^^^^^^^^^^  ^^^^^^^^^^^^  ^^^^^^^^^^^^

warning: unused import: `DivineDomain`
  --> olympus-server/src/actors/demeter/mod.rs:11:30
   |
11 | use crate::actors::{GodName, DivineDomain};
   |                              ^^^^^^^^^^^^

warning: unused import: `ResourceMetrics`
  --> olympus-server/src/actors/demeter/mod.rs:19:53
   |
19 | pub use resources::{ResourceSnapshot, ResourceType, ResourceMetrics};
   |                                                     ^^^^^^^^^^^^^^^

warning: unused import: `tracing::info`
 --> olympus-server/src/actors/dionysus/mod.rs:8:5
  |
8 | use tracing::info;
  |     ^^^^^^^^^^^^^

warning: unused import: `DivineDomain`
  --> olympus-server/src/actors/dionysus/mod.rs:14:30
   |
14 | use crate::actors::{GodName, DivineDomain};
   |                              ^^^^^^^^^^^^

warning: unused imports: `Deserialize` and `Serialize`
 --> olympus-server/src/actors/hestia/mod.rs:8:13
  |
8 | use serde::{Deserialize, Serialize};
  |             ^^^^^^^^^^^  ^^^^^^^^^

warning: unused import: `std::collections::HashSet`
 --> olympus-server/src/actors/hestia/mod.rs:9:5
  |
9 | use std::collections::HashSet;
  |     ^^^^^^^^^^^^^^^^^^^^^^^^^

warning: unused import: `DivineDomain`
  --> olympus-server/src/actors/hestia/mod.rs:14:30
   |
14 | use crate::actors::{GodName, DivineDomain};
   |                              ^^^^^^^^^^^^

warning: unused import: `CacheLevel`
  --> olympus-server/src/actors/hestia/mod.rs:26:44
   |
26 | pub use cache::{CacheManager, CacheConfig, CacheLevel};
   |                                            ^^^^^^^^^^

warning: unused imports: `FlushResult` and `OperationType`
  --> olympus-server/src/actors/hestia/mod.rs:27:37
   |
27 | pub use async_buffer::{AsyncBuffer, OperationType, FlushResult};
   |                                     ^^^^^^^^^^^^^  ^^^^^^^^^^^

warning: unused imports: `ConflictResolution` and `SyncResult`
  --> olympus-server/src/actors/hestia/mod.rs:28:29
   |
28 | pub use sync::{SyncManager, ConflictResolution, SyncResult};
   |                             ^^^^^^^^^^^^^^^^^^  ^^^^^^^^^^

warning: unused import: `crate::traits::message::ResponsePayload`
  --> olympus-server/src/traits/actor_trait.rs:14:5
   |
14 | use crate::traits::message::ResponsePayload;
   |     ^^^^^^^^^^^^^^^^^^^^^^^^^^^^^^^^^^^^^^^

warning: unused imports: `ActorProcessingErr` and `ActorRef`
  --> olympus-server/src/traits/actor_trait.rs:91:21
   |
91 | use ractor::{Actor, ActorRef, ActorProcessingErr};
   |                     ^^^^^^^^  ^^^^^^^^^^^^^^^^^^

warning: type `f8` should have an upper camel case name
  --> olympus-server/src/uci/apache.rs:61:6
   |
61 | type f8 = f64;
   |      ^^ help: convert the identifier to upper camel case (notice the capitalization): `F8`
   |
   = note: `#[warn(non_camel_case_types)]` (part of `#[warn(nonstandard_style)]`) on by default

warning: unused import: `sofa::SofaCalculator`
  --> olympus-server/src/uci.rs:11:9
   |
11 | pub use sofa::SofaCalculator;
   |         ^^^^^^^^^^^^^^^^^^^^

warning: unused import: `saps::SapsCalculator`
  --> olympus-server/src/uci.rs:12:9
   |
12 | pub use saps::SapsCalculator;
   |         ^^^^^^^^^^^^^^^^^^^^

warning: unused import: `glasgow::GlasgowCalculator`
  --> olympus-server/src/uci.rs:13:9
   |
13 | pub use glasgow::GlasgowCalculator;
   |         ^^^^^^^^^^^^^^^^^^^^^^^^^^

warning: unused import: `apache::ApacheCalculator`
  --> olympus-server/src/uci.rs:14:9
   |
14 | pub use apache::ApacheCalculator;
   |         ^^^^^^^^^^^^^^^^^^^^^^^^

warning: unused import: `news2::News2Calculator`
  --> olympus-server/src/uci.rs:15:9
   |
15 | pub use news2::News2Calculator;
   |         ^^^^^^^^^^^^^^^^^^^^^^

warning: unnecessary associated type bound for dyn-incompatible associated type
  --> olympus-server/src/traits/actor_trait.rs:96:52
   |
96 | pub trait OlympianActor: Actor<Msg = ActorMessage, Arguments = ActorConfig> {
   |                                                    ^^^^^^^^^^^^^^^^^^^^^^^ help: remove this bound
   |
   = note: this associated type has a `where Self: Sized` bound, and while the associated type can be specified, it cannot be used because trait objects are never `Sized`
   = note: `#[warn(unused_associated_type_bounds)]` on by default

warning: unnecessary associated type bound for dyn-incompatible associated type
  --> olympus-server/src/traits/actor_trait.rs:96:32
   |
96 | pub trait OlympianActor: Actor<Msg = ActorMessage, Arguments = ActorConfig> {
   |                                ^^^^^^^^^^^^^^^^^^ help: remove this bound
   |
   = note: this associated type has a `where Self: Sized` bound, and while the associated type can be specified, it cannot be used because trait objects are never `Sized`

warning: unused import: `OlympianActor`
  --> olympus-server/src/actors/aphrodite/mod.rs:14:21
   |
14 | use crate::traits::{OlympianActor, ActorState, ActorConfig, ActorStatus, GodHeartbeat, HealthStatus};
   |                     ^^^^^^^^^^^^^

warning: unused variable: `misses`
   --> olympus-server/src/actors/erinyes/mod.rs:102:25
    |
102 |                     let misses = s.consecutive_misses;
    |                         ^^^^^^ help: if this is intentional, prefix it with an underscore: `_misses`
    |
    = note: `#[warn(unused_variables)]` (part of `#[warn(unused)]`) on by default

warning: unused variable: `data`
  --> olympus-server/src/actors/athena/analysis.rs:10:28
   |
10 |     pub fn analyze_patient(data: PatientAnalysisData) -> PatientAnalysisResult {
   |                            ^^^^ help: if this is intentional, prefix it with an underscore: `_data`

warning: unused variable: `temperature`
  --> olympus-server/src/actors/athena/scales.rs:35:9
   |
35 |         temperature: f64,
   |         ^^^^^^^^^^^ help: if this is intentional, prefix it with an underscore: `_temperature`

warning: unused variable: `temperature`
  --> olympus-server/src/actors/athena/scales.rs:83:9
   |
83 |         temperature: f64,
   |         ^^^^^^^^^^^ help: if this is intentional, prefix it with an underscore: `_temperature`

warning: unused variable: `heart_rate`
  --> olympus-server/src/actors/athena/scales.rs:85:9
   |
85 |         heart_rate: u8,
   |         ^^^^^^^^^^ help: if this is intentional, prefix it with an underscore: `_heart_rate`

warning: unused variable: `state`
  --> olympus-server/src/actors/hermes/mod.rs:79:62
   |
79 |     async fn post_start(&self, _myself: ActorRef<Self::Msg>, state: &mut Self::State) -> Result<(), ActorProcessingErr> {
   |                                                              ^^^^^ help: if this is intentional, prefix it with an underscore: `_state`

warning: unused variable: `key_id`
   --> olympus-server/src/actors/hades/mod.rs:113:43
    |
113 |             HadesCommand::Encrypt { data, key_id, algorithm } => {
    |                                           ^^^^^^ help: try ignoring the field: `key_id: _`

warning: unused variable: `algo`
   --> olympus-server/src/actors/hades/mod.rs:114:21
    |
114 |                 let algo = algorithm.unwrap_or(state.default_algorithm.clone());
    |                     ^^^^ help: if this is intentional, prefix it with an underscore: `_algo`

warning: unused variable: `state`
  --> olympus-server/src/actors/hera/mod.rs:77:57
   |
77 |     async fn handle_command(&self, cmd: CommandPayload, state: &mut HeraState) -> Result<ResponsePayload, ActorError> {
   |                                                         ^^^^^ help: if this is intentional, prefix it with an underscore: `_state`

warning: unused variable: `state`
  --> olympus-server/src/actors/hefesto/mod.rs:78:57
   |
78 |     async fn handle_command(&self, cmd: CommandPayload, state: &mut HefestoState) -> Result<ResponsePayload, ActorError> {
   |                                                         ^^^^^ help: if this is intentional, prefix it with an underscore: `_state`

warning: unused variable: `state`
   --> olympus-server/src/actors/hestia/mod.rs:111:56
    |
111 |     async fn handle_query(&self, _query: QueryPayload, state: &HestiaState) -> Result<ResponsePayload, ActorError> {
    |                                                        ^^^^^ help: if this is intentional, prefix it with an underscore: `_state`

warning: unused variable: `state`
   --> olympus-server/src/actors/nemesis/mod.rs:140:56
    |
140 |     async fn handle_query(&self, _query: QueryPayload, state: &NemesisState) -> Result<ResponsePayload, ActorError> {
    |                                                        ^^^^^ help: if this is intentional, prefix it with an underscore: `_state`

warning: unused variable: `valkey`
  --> olympus-server/src/system/genesis.rs:20:13
   |
20 |         let valkey = Arc::new(ValkeyStore::default());
   |             ^^^^^^ help: if this is intentional, prefix it with an underscore: `_valkey`

warning: unused variable: `urine_output`
  --> olympus-server/src/uci/saps.rs:14:9
   |
14 |         urine_output: f64,
   |         ^^^^^^^^^^^^ help: if this is intentional, prefix it with an underscore: `_urine_output`

warning: unused variable: `bun`
  --> olympus-server/src/uci/saps.rs:15:9
   |
15 |         bun: f64,
   |         ^^^ help: if this is intentional, prefix it with an underscore: `_bun`

warning: unused variable: `wbc`
  --> olympus-server/src/uci/saps.rs:16:9
   |
16 |         wbc: f64,
   |         ^^^ help: if this is intentional, prefix it with an underscore: `_wbc`

warning: unused variable: `sodium`
  --> olympus-server/src/uci/saps.rs:17:9
   |
17 |         sodium: f64,
   |         ^^^^^^ help: if this is intentional, prefix it with an underscore: `_sodium`

warning: unused variable: `potassium`
  --> olympus-server/src/uci/saps.rs:18:9
   |
18 |         potassium: f64,
   |         ^^^^^^^^^ help: if this is intentional, prefix it with an underscore: `_potassium`

warning: unused variable: `bicarbonate`
  --> olympus-server/src/uci/saps.rs:19:9
   |
19 |         bicarbonate: f64,
   |         ^^^^^^^^^^^ help: if this is intentional, prefix it with an underscore: `_bicarbonate`

warning: unused variable: `bilirubin`
  --> olympus-server/src/uci/saps.rs:20:9
   |
20 |         bilirubin: f64,
   |         ^^^^^^^^^ help: if this is intentional, prefix it with an underscore: `_bilirubin`

warning: unused variable: `map`
  --> olympus-server/src/uci/apache.rs:11:9
   |
11 |         map: u16,
   |         ^^^ help: if this is intentional, prefix it with an underscore: `_map`

warning: unused variable: `hr`
  --> olympus-server/src/uci/apache.rs:12:9
   |
12 |         hr: u16,
   |         ^^ help: if this is intentional, prefix it with an underscore: `_hr`

warning: unused variable: `rr`
  --> olympus-server/src/uci/apache.rs:13:9
   |
13 |         rr: u16,
   |         ^^ help: if this is intentional, prefix it with an underscore: `_rr`

warning: unused variable: `pao2_fio2`
  --> olympus-server/src/uci/apache.rs:14:9
   |
14 |         pao2_fio2: f64,
   |         ^^^^^^^^^ help: if this is intentional, prefix it with an underscore: `_pao2_fio2`

warning: unused variable: `ph`
  --> olympus-server/src/uci/apache.rs:15:9
   |
15 |         ph: f64,
   |         ^^ help: if this is intentional, prefix it with an underscore: `_ph`

warning: unused variable: `na`
  --> olympus-server/src/uci/apache.rs:16:9
   |
16 |         na: f64,
   |         ^^ help: if this is intentional, prefix it with an underscore: `_na`

warning: unused variable: `k`
  --> olympus-server/src/uci/apache.rs:17:9
   |
17 |         k: f64,
   |         ^ help: if this is intentional, prefix it with an underscore: `_k`

warning: unused variable: `creatinine`
  --> olympus-server/src/uci/apache.rs:18:9
   |
18 |         creatinine: f64,
   |         ^^^^^^^^^^ help: if this is intentional, prefix it with an underscore: `_creatinine`

warning: unused variable: `hematocrit`
  --> olympus-server/src/uci/apache.rs:19:9
   |
19 |         hematocrit: f8,
   |         ^^^^^^^^^^ help: if this is intentional, prefix it with an underscore: `_hematocrit`

warning: unused variable: `wbc`
  --> olympus-server/src/uci/apache.rs:20:9
   |
20 |         wbc: f64,
   |         ^^^ help: if this is intentional, prefix it with an underscore: `_wbc`

warning: struct `SofaCalculator` is never constructed
 --> olympus-server/src/uci/sofa.rs:5:12
  |
5 | pub struct SofaCalculator;
  |            ^^^^^^^^^^^^^^
  |
  = note: `#[warn(dead_code)]` (part of `#[warn(unused)]`) on by default

warning: associated functions `calculate` and `respiratory_score` are never used
  --> olympus-server/src/uci/sofa.rs:8:12
   |
 7 | impl SofaCalculator {
   | ------------------- associated functions in this implementation
 8 |     pub fn calculate(
   |            ^^^^^^^^^
...
19 |     pub fn respiratory_score(pao2_fio2: f64, mechanical_ventilation: bool) -> u8 {
   |            ^^^^^^^^^^^^^^^^^

warning: struct `SapsCalculator` is never constructed
 --> olympus-server/src/uci/saps.rs:5:12
  |
5 | pub struct SapsCalculator;
  |            ^^^^^^^^^^^^^^

warning: associated function `calculate` is never used
 --> olympus-server/src/uci/saps.rs:8:12
  |
7 | impl SapsCalculator {
  | ------------------- associated function in this implementation
8 |     pub fn calculate(
  |            ^^^^^^^^^

warning: struct `GlasgowCalculator` is never constructed
 --> olympus-server/src/uci/glasgow.rs:5:12
  |
5 | pub struct GlasgowCalculator;
  |            ^^^^^^^^^^^^^^^^^

warning: associated functions `calculate`, `eye_response`, `verbal_response`, `motor_response`, and `severity` are never used
  --> olympus-server/src/uci/glasgow.rs:8:12
   |
 7 | impl GlasgowCalculator {
   | ---------------------- associated functions in this implementation
 8 |     pub fn calculate(eye: u8, verbal: u8, motor: u8) -> u8 {
   |            ^^^^^^^^^
...
12 |     pub fn eye_response(score: u8) -> &'static str {
   |            ^^^^^^^^^^^^
...
22 |     pub fn verbal_response(score: u8) -> &'static str {
   |            ^^^^^^^^^^^^^^^
...
33 |     pub fn motor_response(score: u8) -> &'static str {
   |            ^^^^^^^^^^^^^^
...
45 |     pub fn severity(score: u8) -> &'static str {
   |            ^^^^^^^^

warning: struct `ApacheCalculator` is never constructed
 --> olympus-server/src/uci/apache.rs:5:12
  |
5 | pub struct ApacheCalculator;
  |            ^^^^^^^^^^^^^^^^

warning: associated function `calculate` is never used
 --> olympus-server/src/uci/apache.rs:8:12
  |
7 | impl ApacheCalculator {
  | --------------------- associated function in this implementation
8 |     pub fn calculate(
  |            ^^^^^^^^^

warning: type alias `f8` is never used
  --> olympus-server/src/uci/apache.rs:61:6
   |
61 | type f8 = f64;
   |      ^^

warning: struct `News2Calculator` is never constructed
 --> olympus-server/src/uci/news2.rs:5:12
  |
5 | pub struct News2Calculator;
  |            ^^^^^^^^^^^^^^^

warning: enum `ConsciousnessLevel` is never used
 --> olympus-server/src/uci/news2.rs:8:10
  |
8 | pub enum ConsciousnessLevel {
  |          ^^^^^^^^^^^^^^^^^^

warning: enum `News2RiskLevel` is never used
  --> olympus-server/src/uci/news2.rs:17:10
   |
17 | pub enum News2RiskLevel {
   |          ^^^^^^^^^^^^^^

warning: associated functions `calculate` and `risk_level` are never used
   --> olympus-server/src/uci/news2.rs:25:12
    |
 24 | impl News2Calculator {
    | -------------------- associated functions in this implementation
 25 |     pub fn calculate(
    |            ^^^^^^^^^
...
107 |     pub fn risk_level(score: u8) -> News2RiskLevel {
    |            ^^^^^^^^^^

warning: `olympus-server` (bin "olympus-server") generated 165 warnings (run `cargo fix --bin "olympus-server" -p olympus-server` to apply 148 suggestions)
    Finished `dev` profile [unoptimized + debuginfo] target(s) in 7m 10s
     Running `target/debug/olympus-server`

thread 'main' (76770) panicked at olympus-server/src/main.rs:41:10:
Path segments must not start with `:`. For capture groups, use `{capture}`. If you meant to literally match a segment starting with a colon, call `without_v07_checks` on the router.
note: run with `RUST_BACKTRACE=1` environment variable to display a backtrace
